### projects/ores.codegen/venv/bin/python3 projects/ores.codegen/scripts/check_component_drift.py --component iam --dry-run
Checking component 'iam' at address 'ores.cmake' (dry run, no writes)...
Checking component 'iam' at address 'ores.cpp' (dry run, no writes)...
Checking component 'iam' at address 'ores.doc' (dry run, no writes)...
Checking component 'iam' at address 'ores.plantuml' (dry run, no writes)...
Checking component 'iam' at address 'ores.shell' (dry run, no writes)...
Checking component 'iam' at address 'ores.sql' (dry run, no writes)...
Checking component 'iam' at address 'ores.ts.domain' (dry run, no writes)...
Checking component 'iam' at address 'ores.ts.protocol' (dry run, no writes)...
No drift: generated output matches the checked-in tree.
exit=0

### projects/ores.codegen/venv/bin/python3 projects/ores.codegen/scripts/check_component_drift.py --component assets-cpp
Regenerating component 'assets-cpp' at address 'ores.cmake'...
INFO Regenerating 1 models for component 'assets-cpp' (address: ores.cmake)...
Generated projects/ores.assets/CMakeLists.txt
INFO Wrote /mnt/development/OreStudio/ores_dev_jolly_knuth/projects/ores.assets/CMakeLists.txt
INFO Regeneration complete.
Regenerating component 'assets-cpp' at address 'ores.cpp'...
INFO Regenerating 1 models for component 'assets-cpp' (address: ores.cpp)...
WARNING component_overview.org: nothing to generate for 'ores.cpp' (model type 'component')
INFO Regeneration complete.
Regenerating component 'assets-cpp' at address 'ores.doc'...
INFO Regenerating 1 models for component 'assets-cpp' (address: ores.doc)...
WARNING component_overview.org: nothing to generate for 'ores.doc' (model type 'component')
INFO Regeneration complete.
Regenerating component 'assets-cpp' at address 'ores.plantuml'...
INFO Regenerating 1 models for component 'assets-cpp' (address: ores.plantuml)...
INFO Regeneration complete.
Regenerating component 'assets-cpp' at address 'ores.shell'...
INFO Regenerating 1 models for component 'assets-cpp' (address: ores.shell)...
INFO Regeneration complete.
Regenerating component 'assets-cpp' at address 'ores.sql'...
INFO Regenerating 1 models for component 'assets-cpp' (address: ores.sql)...
INFO Regeneration complete.
No drift: regenerated output matches the checked-in tree.
exit=0

### projects/ores.codegen/venv/bin/python3 projects/ores.codegen/scripts/check_component_drift.py --component assets-cpp
Regenerating component 'assets-cpp' at address 'ores.cmake'...
INFO Regenerating 1 models for component 'assets-cpp' (address: ores.cmake)...
Generated projects/ores.assets/CMakeLists.txt
INFO Wrote /mnt/development/OreStudio/ores_dev_jolly_knuth/projects/ores.assets/CMakeLists.txt
INFO Regeneration complete.
Regenerating component 'assets-cpp' at address 'ores.cpp'...
INFO Regenerating 1 models for component 'assets-cpp' (address: ores.cpp)...
WARNING component_overview.org: nothing to generate for 'ores.cpp' (model type 'component')
INFO Regeneration complete.
Regenerating component 'assets-cpp' at address 'ores.doc'...
INFO Regenerating 1 models for component 'assets-cpp' (address: ores.doc)...
WARNING component_overview.org: nothing to generate for 'ores.doc' (model type 'component')
INFO Regeneration complete.
Regenerating component 'assets-cpp' at address 'ores.plantuml'...
INFO Regenerating 1 models for component 'assets-cpp' (address: ores.plantuml)...
INFO Regeneration complete.
Regenerating component 'assets-cpp' at address 'ores.shell'...
INFO Regenerating 1 models for component 'assets-cpp' (address: ores.shell)...
INFO Regeneration complete.
Regenerating component 'assets-cpp' at address 'ores.sql'...
INFO Regenerating 1 models for component 'assets-cpp' (address: ores.sql)...
INFO Regeneration complete.
No drift: regenerated output matches the checked-in tree.
exit=0

### git status --short after both assets-cpp runs
?? .audit/clean-assets/A3_scaffold_verification.log
?? .audit/clean-assets/verify_scaffold.sh
(the only entries above are these two untracked evidence files, so no tracked file changed: idempotent)
### ./projects/ores.codegen/validate_docs.sh
FAIL: 1 violation(s) found:

  [MISSING_PUML] ores.shell.iam: no .puml file in modeling/

exit=1
