
> ores.web@0.0.1 build
> npm run build --workspaces --if-present


> @ores/bff@0.0.1 build
> tsc --build


> @ores/contracts@0.0.1 build
> tsc --build


> @ores/web@0.0.1 build
> tsc --build && vite build

vite v8.3.0 building client environment for production...
transforming...
✓ 372 modules transformed.
rendering chunks...
computing gzip size...
dist/index.html                                            0.44 kB │ gzip:   0.28 kB
dist/assets/ic_fluent_handshake_20_regular-CvrVUmL4.svg    4.36 kB │ gzip:   2.00 kB
dist/assets/ore-studio-icon-CWdnpaw2.png                  51.25 kB
dist/assets/ore-studio-splash-CHWE60NR.png               255.56 kB
dist/assets/index-DjyyHuXi.css                            34.81 kB │ gzip:   7.11 kB
dist/assets/pt-DJZZfTNe.js                                11.30 kB │ gzip:   4.52 kB │ map:    19.61 kB
dist/assets/fr-Clkh1jux.js                                11.37 kB │ gzip:   4.54 kB │ map:    19.43 kB
dist/assets/index-CQAOluS1.js                            602.59 kB │ gzip: 176.88 kB │ map: 2,589.34 kB

[plugin builtin:vite-reporter] 
(!) Some chunks are larger than 500 kB after minification. Consider:
- Using dynamic import() to code-split the application
- Use build.rolldownOptions.output.codeSplitting to improve chunking: https://rolldown.rs/reference/OutputOptions.codeSplitting
- Adjust chunk size limit for this warning via build.chunkSizeWarningLimit.
[33m[INEFFECTIVE_DYNAMIC_IMPORT] [0msrc/i18n/locales/en.ts is dynamically imported by src/i18n/Provider.tsx but also statically imported by src/i18n/Provider.tsx, src/i18n/locales/fr.ts, src/i18n/locales/pt.ts, dynamic import will not move module into another chunk.

✓ built in 2.39s

> @ores/wire-protocol@0.0.1 build
> tsc --build

